Gg, Gll^Fp, Gll^Fp, Gs^Fds, Gll^Fp, Gg, Gs^Efm, Gs^Efm, Gs^Fds, Gs^Fds, Gs^Fds, Gs^Efm, Gs^Efm, Gg^Efm, Gs^Fds, Gll^Fp, Gll^Fp, Gs^Fds, Gs^Fms, Gg, Gs^Fds, Gs, Gs^Fds, Gs^Fds, Gs^Efm, Gll^Fp, Gs^Fms, Gs^Fms, Gll^Fp, Gll^Fp, Gll^Fp, Gs^Fds, Gll^Fp, Gg, Gll^Fp, Gg, Gg^Fet, Gs, Gs^Fds, Gs^Fds, Gs^Fms, Gs^Fds, Gs^Fms, Gg
Gg, Gll^Fp, Gs^Fds, Gs^Fds, Gg^Efm, Gs^Fds, Gs^Fds, Gg^Efm, Gs, Gs^Fds, Gg, Gg^Es, Gs^Fds, Gs, Gll, Gll^Fp, Gs^Fds, Gs^Fms, Gs^Fds, Gs^Efm, Gg^Efm, Gs^Fds, Gs^Fds, Gs^Fds, Gg, Gll^Fp, Gs^Fms, Gs^Fms, Gll^Fp, Gll^Fp, Gll^Fp, Gll, Gs^Fms, Gg^Efm, Gs, Gg^Efm, Gg^Efm, Gs^Efm, Gll^Em, Gll^Fp, Gs^Fms, Gll^Fp, Gs^Fms, Gs^Fds
Gs^Fds, Gll^Em, Gs^Fds, Gg^Fet, Gs^Fds, Gs^Fds, Gg, Gs^Fds, Gs^Efm, Gg^Efm, Gs^Efm, Gg^Efm, Gs^Efm, Gg^Efm, Gs^Fds, Gll^Fp, Gll, Gs^Es, Gs^Efm, Gs^Fds, Gg, Gs^Fds, Gs^Es, Gs^Fds, Gg^Efm, Gll^Em, Gg, Gll^Fp, Gll^Fp, Gll^Fp, Gll^Fp, Gll^Em, Gg^Efm, Gs^Fms, Gg, Gs^Efm, Gs^Efm, Gs^Fds, Gs^Fds, Gs^Fms, 1 Gll^Fp, Gll^Fp, Gll^Fp, Gs^Fms
Gs^Fds, Gg^Efm, Gs, Gg^Ve, Gs, Gg, Gg, Gg^Efm, Gs^Fds, Gg, Gs^Efm, Gg^Efm, Gs, Gs^Efm, Gg, Gs^Efm, Gs, Gs, Gg^Efm, Gg, Gs^Efm, Gs, Gs, Gg^Efm, Gg, Gs^Efm, Gg^Es, Gg, Gs^Efm, Gg^Es, Gll^Fp, Gll^Fp, Gg, Gll^Fp, Gs, Gs^Efm, Gs^Efm, Gs, Gs^Fds, Gs^Fms, Gs^Fds, Gs^Fms, Gs^Fds, Gs^Fds
Gg^Es, Gs^Efm, Gg^Efm, Gs^Efm, Gg, Gg^Efm, Gg^Efm, Gs^Fds, Gs^Fds, Gs, Gs, Gs^Efm, Gs^Fds, Gg^Es, Gs^Efm, Gg, Gg^Ve, Gs^Efm, Gs, Gs^Efm, Gs, Gg^Efm, Gg^Efm, Gg, Gs^Efm, Gs, Gg, Gs^Efm, Gs^Efm, Gg, Gg^Efm, Gs, Gs^Efm, Gs^Efm, Gg, Gg^Ve, Gg^Es, Gs^Fds, Gs^Fds, Gs^Fds, Gs^Efm, Gs, Gs^Fds, Gg^Efm
Ww, Wwf^Es, Wwr, Wwr, Gs^Efm, Gg^Es, Gs^Fds, Gg, Gll^Fp, Gll^Em, Gg, Gs^Fds, Gs^Efm, Gg, Gs^Efm, Gg^Fet, Gs^Efm, Gs, Gg^Es, Gg^Efm, Gs, Gs^Efm, Gs^Efm, Gs^Efm, Gs, Gs^Efm, Gg^Efm, Gs, Gs, Gll, Gs^Fds, Gg, Gs^Efm, Gs^Efm, Gs, Gs^Fds, Gg, Gg, 2 Gs^Efm, Gg^Efm, Gs^Efm, Gg^Es, Gs, Gg^Efm
Gll, Wwr, Wwf^Es, Wo, Wo, Gs, Gs^Fds, Gs^Fds, Wwr, Gll^Fp, Gs^Fds, Gg^Es, Gs, Gg^Efm, Gg^Efm, Gs, Gs^Efm, Gs, Gs^Efm, Gs^Efm, Gs, Gg^Efm, Gs, Gs, Gs^Efm, Gg^Es, Gs, Gs^Fms, Gs^Fms, Gll^Fp, Gll^Fp, Gg^Es, Gs, Gg^Efm, Gs^Efm, Gs^Efm, Gg, Gs^Efm, Gs, Gg, Gll^Fp, Gg, Gs^Efm, Gs^Efm
Gll^Fp, Gll^Fp, Gg, Gs^Efm, Gs^Efm, Ww, Ww, Wwf^Es, Gg^Efm, Wwr, Wo, Gg^Efm, Ww, Gs^Efm, Wwr, Wwf, Ww, Gs, Gg^Efm, Gs, Gs^Efm, Gg, Gs, Gs^Efm, Gg^Es, Gs, Gs^Efm, Gs^Fds, Ww, Gll^Fp, Ww^Ewl, Gs^Fms, Gg^Efm, Gg^Es, Gs, Gs, Gs^Fds, Gg^Efm, Gs^Fds, Gs^Fms, Gs^Fms, Gll, Gll^Fp, Gs
Gs^Fds, Gll^Em, Gs^Fds, Gg^Efm, Gs^Fds, Gs, Gs^Efm, Gs^Efm, Gs, Gs^Fds, Gs^Efm, Wo, Gs^Fds, Ww, Gg^Es, Gs^Fds, Ww^Ewf, Wo, Wo, Gs^Fds, Wwf^Es, Gs^Efm, Wwr, Wwf, Wo, Gs^Fds, Wwf, Wwf^Es, Gll^Em, Wo, Wo, Gll^Fp, Ww, Gs, Wwr, Gg^Efm, Gs^Efm, Gs^Fds, Gs^Fms, Gll^Fp, Gs^Fms, Gll^Fp, Gg^Efm, Gs
Gs^Fms, Gs^Fds, Gll^Fp, Gs^Fms, Gs^Fds, Gg^Ve, Gll^Fp, Gg^Es, Gll, Gg, Gg^Efm, Gs, Gg^Efm, Gs^Fds, Gs^Fds, Gs^Fds, Gs^Fds, Gs^Fds, Gg, Ww, Gs^Fds, Wwr, Gg^Efm, Gg^Efm, Gg^Ve, Wo, Gs^Fds, Gs^Fds, Gg, Gll^Fp, Gs^Efm, Wo, Gs^Efm, Wwr, Gg^Efm, Wwf^Es, Ww, Gs^Fds, Gs^Fds, Gs^Fms, Gll^Fp, Gll^Em, Gs^Efm, Gs^Efm
Gs^Fms, Gs^Fms, Gll^Em, Gll^Fp, Gll^Fp, Gs^Fds, Gs^Fms, Gs^Fms, Gll^Fp, Gs^Efm, Gs^Fds, Gs^Fds, Gs, Gs^Fds, Gs^Fds, Gs^Fds, Gs^Fds, Gs^Fds, Gs, Gs^Es, Gg^Efm, Gs, Gs^Efm, Gs^Efm, Gg, Gg^Efm, Gs^Fds, Gs^Fds, Gs^Efm, Gs, Gg^Efm, Gs, Gg, Gs^Fds, Gs^Fds, Gs^Fds, Wo, Gs, Gg^Es, Gll, Gs, Gs^Efm, Gs^Fds, Gs^Fds
Gll^Fp, Gll^Fp, Gs, Gll^Fp, Gg^Efm, Gg^Efm, Gs^Efm, Gll, Gll^Fp, Gs, Gs, Gs, Gs^Fds, Gs^Fds, Gs^Fds, Gs^Fds, Gs^Efm, Gs^Fds, Gs^Fds, Gg^Efm, Gs^Efm, Gs, Gs, Gs^Es, Gs^Fds, Gs^Efm, Gg, Gg^Efm, Gg, Gs^Fds, Gs^Fds, Gs^Efm, Gs, Gg, Gs, Gs^Fds, Wo, Gs^Fds, Gg^Efm, Gs^Efm, Gs^Fds, Gg^Es, Gs^Fds, Gs^Fds
Gs^Fds, Gll^Fp, Gs^Fds, Gg^Efm, Gs^Efm, Gs^Efm, Gs, Gll^Fp, Gs^Fds, Gd, Gll^Es, Gd^Es, Gll, Gd, Gd, Gs^Efm, Gd, Gs^Fds, Gll, Gs, Gs^Fds, Gg, Gs^Fds, Gs^Fds, Gs^Fms, Gll^Em, Gll^Fp, Gll^Fp, Gll, Gs^Efm, Gs^Fds, Gg^Es, Gg^Ve, Gs, Gs^Fds, Gs^Fds, Gs^Fds, Wo, Ww^Ewl, Gg^Efm, Gs^Fds, Gs^Fds, Gs^Fds, Gs^Fds
Gs^Efm, Gg, Gs^Efm, Gs, Gs, Gs, Gd, Gll^Es, Gd, Gd, Gll^Fdw, Gd^Es, Gll^Fdw, Gll^Es, Gll^Fdw, Gd, Gg^Ve, Gs^Efm, Gs^Fms, Gll^Fp, Gll, Gs^Efm, Gs^Efm, Gs^Fds, Gll^Fp, Gll^Fp, Gs^Fms, Gs^Fms, Gll^Fp, Gll^Fp, Gs, Gs^Efm, Gs^Efm, Gs, Gg, Gs^Fds, Gs^Efm, Ww, Wo, Gs^Fds, Gs^Fds, Gs^Fds, Gs^Fds, Gs^Fds
Gg^Efm, Gs^Fds, Gs^Efm, Gs^Fds, Gs^Fds, Gll^Fdw, Re^Vct, Gll^Edb, Gll^Ecf, Gd^Es, Gll^Fdw, Gll^Fdw, Gll^Fdw, Gll^Fdw, Gll^Fdw, Gd, Gs^Fds, Gd, Gs^Fms, Gll^Fp, Gll^Fp, Gs, Gs^Fds, Gs, Gs, Gs^Fms, Gs^Fds, Gll, Gs^Efm, Gll^Fp, Gg^Es, Gs, Gg, Gs^Efm, Gg, Gs^Fds, Gs, Gg^Efm, Wo, Wo, Gg^Es, Gs^Fds, Wo, Gg^Efm
Gs^Fds, Gs^Fds, Gs^Fds, Gs, Gd, Gd^Es, Gd^Es, Gll^Edb, Gll^Fdw, Re^Vct, Re^Edb, Gll^Fdw, Gd, Gd, Gll^Fdw, Gd, Gd^Es, Gll, Gs, Gd, Gll, Gll, Gd, Gll, Gll, Gs^Fds, Gs, Gs^Efm, Gs^Efm, Gs, Gs^Efm, Gg^Fet, Gg^Efm, Gs, Gs^Fds, Gg^Efm, Gg^Efm, Gg, Gs^Efm, Wwr, Wwf^Es, Ww, Gll^Fp, Wo
Gs^Fds, Gs, Gll^Fdw, Gs^Fds, Gs^Fds, Gd, Gll^Edb, Gll, Gll^Edb, Gll, Re, Gll^Edb, Gd^Edb, Gll, Gs^Fds, Gd, Gll, Gd, Gs^Fds, Gll^Fdw, Gll^Fdw, Gd^Fetd, Gll^Edb, Re^Vct, Gd^Es, Gll, Gs^Fms, Gs^Fds, Gs, Gs, Gs^Fds, Gs, Gs^Efm, Gs, Gs^Fds, Gg, Gs^Fds, Gs, Gs^Fms, Gs^Fds, Gs^Fds, Gs^Fms, Gll^Fp, Gll^Fp
Gd^Es, Gs^Fds, Gll^Fdw, Gll, Gll^Fdw, Gll, Gd, Gll^Fdw, Gll^Fdw, Re, Gd, Gll^Es, Gs^Fds, Gll, Gll, Gll^Es, Gs^Fds, Gll^Es, Gs, Gll^Fdw, Gll, Gll^Es, Gll^Ecf, Gll^Edb, Gd, Gll^Fp, Gll^Fdw, Gll^Fdw, Gll^Fp, Gll^Fp, Gs^Fms, Gs^Fds, Gd^Es, Gs^Es, Gs^Efm, Gs^Efm, Gs, Gs^Es, Gll^Fp, Gll^Fp, Gs^Efm, Gs^Fms, Gll^Fp, Gs^Fds
Gll^Fp, Gll^Es, Gd^Es, Gll^Fdw, Gd, Gd^Es, Gll, Gd, Gd, Gll^Fdw, Gll^Edb, Gs, Gs^Es, Gs^Fds, Gll, Gll^Fp, Gll^Fp, Gd, Gs^Fds, Gd^Es, Sm, Gd^Edb, Re^Vct, Gd^Es, Gll, Gll^Fdw, Gll^Fdw, Gs^Fms, Ss, Gll^Fp, Gll^Fp, Gs^Fds, Gs, Gs, Gd, Gs^Es, Gs, Gll^Fp, Gs, Gll^Fp, Gll^Fp, Gll^Fp, Gll^Fp, Gs
Gll^Fp, Gs^Fds, Gs, Gll^Fp, Gd^Fetd, Re^Es, Gll, Gd, Gll^Edb, Gll, Gs, Gd, Gs^Fds, Gs^Fds, Gd, Gs^Fds, Gll^Fp, Gll^Fdw, Gll^Fdw, Gs^Fds, Gs^Es, Wwf, Wwr, Ss, Gll^Es, Gd^Es, Wwf^Es, Gd, Gll^Fp, Sm, Sm, Ss, Gll, Gll^Fdw, Gll^Fdw, Gll^Fdw, Gd, Gll^Fp, Gll^Es, Gll^Fdw, Re^Vct, Gs, Gll^Fp, Gll^Fp
Gll^Fdw, Gll^Fp, Gll^Fdw, Gd, Gd, Re, Re, Gll^Edb, Gll^Es, Gs^Edb, Gs, Gll^Edb, Gll^Fp, Gd^Es, Sm, Ss, Gs^Es, Gll^Fdw, Wwf^Es, Wwf, Ww, Wwr, Ww, Wwf^Es, Ww, Wwr, Wwf^Es, Gll^Fp, Wwf^Es, Sm, Gd, Gll^Fdw, Gll^Es, Gd, Gd^Es, Gd, Gll^Fdw, Gll, Gd, Re, Re^Ecf, Gd^Es, Gd, Gs
Gll^Fdw, Gll^Fdw, Gll^Fdw, Gs^Fds, Gd^Es, Re^Vct, Gd^Ecf, Gll, Gs^Fds, Gs^Fds, Gll^Fp, Gs^Fms, Gll^Fdw, Gs, Gs^Fds, Sm, Wwr, Ww^Ewl, Ww, Wwf, Ww, Ww, Wo, Ww^Bsb|, Ww^Ewf, Wwr, Ww, Ww^Ewl, Ww, Wwr, Gll^Fdw, Gll^Fdw, Gd^Es, Wwf^Es, Sm, Ss, Gll, Gll^Fdw, Gll^Fdw, Gll^Fdw, Gd, Gll^Es, Gll^Fdw, Gll^Fdw
Gd^Es, Gd, Gd^Edb, Gll, Gd, Re, Gd^Edb, Gd^Edb, Gd, Gll^Fp, Gs^Fms, Gll^Fp, Gll^Fdw, Gll^Fdw, Gs^Fds, Wwf^Es, Ww, Ww, Wwg, Wwg, Wwg, Wwrg, Wwrg, Wwg^Bsb|, Wo, Wwrg, Wwrg, Ww, Wwr, Wwr, Wwr, Gll^Fdw, Wwr, Wwf, Wwr, Ss, Gd, Gd^Es, Re, Gd, Gll^Fp, Gll^Fp, Gs^Fds, Gd
Gs^Fms, Gs^Fds, Gll^Es, Gll^Fdw, Gd^Edb, Gd^Es, Gll, Re^Vct, Gd, Gll^Es, Gll, Gd, Gs^Fds, Gll, Wwr, Ww, Ww^Ewl, Wwg, Wwg, Wwg, Wo, Wwg, Kme, Kme^Es, Kme^Edb, Wwg, Wwg, Wwg, Wwrg, Ww, Wwg, Wwf, Ww^Ewl, Wwr, Gll^Fdw, Gll^Fdw, Gll^Fdw, Gs^Fds, Gs^Fds, Re^Es, Re, Gll^Fp, Gs^Fms, Gll^Fp
Gs^Fds, Gll^Fdw, Gd, Gll^Fdw, Re^Edb, Gll, Re, Re, Gd^Edb, Gll^Fdw, Gs^Fds, Gd^Es, Gll, Gd, Wwf^Es, Ww, Wwg, Wwg, Wwg, Wo, Wo, Wo, Gll^Es, Gd^Edb, Gd^Ecf, Wo, Wo, Wwrg, Wwg, Wwrg, Wwg, Ww, Wwr, Wwf^Es, Gll, Gll^Fdw, Gs, Gd, Gs^Fds, Gs^Fds, Re, Gll, Gll^Fp, Gs^Fms
Gd^Es, Gll^Edb, Re, Re^Es, Cvr^Edb, Re, Cvr^Edb, Re^Es, Re^Edb, Gll, Gd, Gll^Es, Gd^Edb, Wwf^Es, Ww, Wwg, Wwg, Wwrg, Wwrg, Kme^Edb, Gd^Edb, Gll^Fdw, Gd^Edb, Re^Es, Gll^Fdw, Gll^Fdw, Gd^Edb, Kme^Edb, Wo, Wwg, Wwg, Wwrg, Ww, Wwf, Gd^Es, Ss, Gll^Es, Gs^Fds, Gll^Es, Gs^Fds, Gd, Gll^Fdw, Gll^Fdw, Gll^Fdw
Gll^Fdw, Gll^Fdw, Re^Es, Cer^Edb, Cer^Edb, 3 Kvr, Cvr^Edb, Cer^Edb, Re, Gll^Es, Gll^Es, Gll^Fdw, Gd, Wwr, Wwr, Ww, Wwg, Wwg, Wwrg, Wo, Gll^Fdw, Re^Vct, Cvr^Ii, Gd^Fetd, Cvr^Ii, Gll^Fdw, Gll^Fdw, Wo, Wwrg, Wwg, Wwg, Ww^Ewf, Wwf^Es, Ww, Wwr, Wwf, Sm, Gd, Gs^Fds, Gll, Gd^Fetd, Gd^Es, Gll^Ecf, Gll^Fdw
Gll^Edb, Gll^Fdw, Re^Es, Re, Re, Re^Es, Gd, Re, Gd^Edb, Re^Vct, Ss, Gll^Fdw, Gll^Fdw, Gll^Es, Ww, Ww^Ewf, Wo, Wo, Wo^Bsb/, Kme^Edb, Gd^Es, Re, Gd^Fetd, Ww, Gd^Fetd, Re^Es, Gd^Ecf, Kme^Edb, Wo^Bsb\, Wwrg, Wo, Ww, Wwr, Gd^Es, Gll, Gll^Fdw, Gll^Fdw, Gll, Gd^Edb, Gll^Edb, Re^Vct, Gd^Es, Gll^Fdw, Gd
Gd^Edb, Re^Vct, Gd^Ecf, Gll^Edb, Gd^Edb, Re, Gll^Fdw, Gll^Fdw, Gd, Sm, Sm, Wwf^Es, Wwf, Wwr, Wwr, Wwrg, Wwf^Es, Wo^Bsb/, Kme^Edb, Kme^Es, Gll^Ecf, Gll^Fdw, Re^Edb, Cvr^Ii, Gll^Fdw, Gll^Fdw, Gll^Fdw, Kme^Edb, Kme^Edb, Wwg^Bsb\, Wwg^Bsb\, Ww, Ww, Wwf^Es, Gll^Edb, Re^Vct, Re^Es, Gs^Fds, Re, Re^Edb, Gll^Fdw, Gll^Fp, Gll^Fp, Gll^Fdw
Gll, Gll^Fdw, Gd^Edb, Gs^Fds, Re, Re^Es, Gd^Es, Gll^Fdw, Gs^Fds, Gll^Fp, Gll, Gll, Wwr, Wwr, Ww^Bsb/, Wwrg^Bsb/, Wwrg, Wwg, Wwg, Wo, Wo, Gll^Fdw, Gll^Fdw, Gll^Fdw, Re^Vct, Gd^Edb, Wo, Wwrg, Wwrg, Wo, Wwg, Wwg^Bsb\, Wwf, Wwr, Gll^Fp, Re^Es, Cer^Edb, Cer^Edb, Cer^Es, Re^Edb, Re^Edb, Gll^Fp, Gd, Gll^Fdw
Gs^Fds, Gd, Gll^Fdw, Gll^Fdw, Re^Edb, Gd, Gll^Fdw, Gd, Gll, Gll^Es, Re, Re^Es, Re, Wwr^Bsb/, Ww^Ewl, Wwg, Wwg, Wwg, Wo, Wo, Wo, Wo, Kme^Es, Gll^Edb, Kme^Edb, Wo, Wo, Wwg, Wwg, Wwg, Wwg, Ww^Ewl, Ww^Ewf, Gll, Gll^Edb, Re, Cer^Es, 4 Ker^Edb, Cer^Edb, Re, Gll^Es, Gll^Fdw, Gll^Fdw, Gll^Fp
Gs^Fds, Gs^Fds, Gs^Fds, Gs^Fds, Gd, Re, Gd, Gll^Fdw, Gll^Edb, Re^Vct, Gll^Ecf, Sm, Wwr, Wwf, Wwf, Wwf^Es, Wwg, Wwg, Wwg, Wwg, Wwg, Wwg, Wwrg, Kme^Es, Wwrg, Wwrg, Wwg, Wwg, Wwrg, Wwrg, Wwg, Ww, Wwr, Wwf, Wwr, Wwr, Sm, Cer^Edb, Re^Es, Re, Gs^Fds, Gll^Edb, Gll^Fdw, Gd
Gs^Fds, Gs^Fds, Gs^Fds, Gd, Gll, Gd^Edb, Gll^Fdw, Re, Re^Es, Gd, Re^Vct, Wwf^Es, Sm, Gd, Gd^Edb, Wwr, Ww, Wwg, Wwrg, Wwg, Wwg, Wwrg, Wwrg, Wwf, Wo, Wo, Wwrg, Wwg, Ww, Wwr, Wwf, Wwf^Es, Gll^Fdw, Wwf^Es, Wwr, Wwf, Sm, Ss, Gll^Fdw, Re^Vct, Re, Gll^Edb, Gs^Fds, Gll^Fdw
Gd, Gll^Es, Gll^Edb, Gll^Es, Gll^Fdw, Gll^Fdw, Gll^Fdw, Gll^Fdw, Gll, Re, Re^Edb, Gd^Es, Gll, Ss, Gd, Wwf, Wwf^Es, Wwr, Ww, Wwrg, Ww^Ewf, Wwg, Wo, Wwrg^Bsb|, Wwg, Wwg, Ww, Wwg, Ww, Wwr, Gs^Es, Wwf^Es, Gll^Fdw, Gll^Fdw, Gd^Edb, Sm, Ss, Gll, Gll^Fdw, Gs^Fds, Re, Gll^Es, Gll^Fdw, Gs^Fds
Gs^Fds, Gd^Edb, Gs^Fds, Gll^Fdw, Gs^Fds, Gll^Fdw, Gll^Es, Gll^Fdw, Gll^Es, Re, Re, Gd^Edb, Gd^Es, Gd, Gll^Fp, Gll, Sm, Wwr, Wwf^Es, Ww, Wwf^Es, Ww, Wwr, Ww^Bsb|, Ww, Wwf^Es, Wwf, Ww^Ewl, Wwr, Wwf^Es, Gll, Gs^Fds, Gll^Fp, Gll^Es, Gll, Ss, Gll^Edb, Ss, Gll^Fdw, Re^Es, Gll^Fdw, Gd, Gd^Es, Gll^Fdw
Gll^Fp, Gs^Fds, Gll^Es, Gd, Gs^Fds, Gs^Fds, Gll^Fdw, Gll^Fdw, Gd, Gd, Gd^Edb, Re, Gll^Fdw, Gll, Gll^Fdw, Ss, Ss, Wwf^Es, Gs^Fds, Gs^Fds, Gll^Fp, Wwr, Sm, Wwr^Bsb|, Sm, Gs^Fds, Gll^Fdw, Gs^Es, Wwf, Wwr, Sm, Gll^Fp, Gll^Fdw, Gd, Gs^Fms, Gll, Gs^Fds, Gd^Edb, Gll, Re^Edb, Gll, Gll^Fdw, Gll^Fdw, Gll^Fdw
Gs^Fds, Gll^Fp, Gs^Fms, Gs^Fds, Gs^Edb, Gll^Fdw, Gll^Fdw, Gll^Fdw, Gd, Gll^Fdw, Gll^Fdw, Re^Es, Gll, Gll^Fdw, Gll^Fdw, Gs^Fds, Gs, Sm, Gll^Es, Gs^Fds, Gll^Fdw, Gs^Es, Ss, Wwf, Gll^Fp, Gll^Fdw, Gs^Fds, Gll, Gll^Edb, Sm, Gll^Es, Gs, Gll^Fdw, Gll^Fdw, Gll^Fp, Gll, Gll^Fdw, Gll^Fdw, Gs^Fds, Gd, Gll^Ecf, Gll^Edb, Gll^Fdw, Gs^Fds
Gll^Fp, Gll^Fp, Gd^Es, Gs^Fds, Gs^Fds, Gs^Fms, Gll^Fp, Gll^Fp, Gll^Fp, Gs^Fds, Gll^Fdw, Re, Gll^Fp, Gll^Fdw, Gll, Gs^Fds, Gd, Gs^Es, Gll^Fp, Gd, Gd^Edb, Gs^Fds, Re^Es, Re^Edb, Gll^Fp, Gll^Fp, Gll^Fdw, Gd^Edb, Gll^Fdw, Ss, Ss, Gll, Gs^Fds, Gs^Fms, Gll^Fdw, Gll^Fp, Gd, Gll, Gll^Es, Gd^Edb, Re^Vct, Gd^Es, Gs^Fds, Gll^Fp
Gll^Fdw, Gs^Fds, Gd^Es, Gs, Gs^Fds, Gs^Fds, Gs, Gll^Fdw, Gll, Gll^Fdw, Gll^Fdw, Gd, Gll^Es, Gll, Gll^Es, Gd, Gd^Es, Gs^Fds, Gll^Fdw, Gd, Gll^Fdw, Re, Re^Edb, Gll^Fdw, Gll^Es, Gd, Gll^Fdw, Gll^Fdw, Gll, Ss, Gll^Es, Gd^Edb, Re, Gll^Fdw, Gll^Fdw, Gs^Fds, Gll^Fdw, Gll^Fdw, Re, Re, Gd, Gd, Gs^Fds, Gs^Fds
Gll^Fdw, Gs^Fds, Gll^Fdw, Gd, Gd, Gg^Fet, Gs, Gll^Es, Gd, Gll^Fdw, Gll^Fdw, Gll^Fdw, Gd, Re, Gll, Gll, Gll^Fdw, Gll^Fdw, Gll^Fdw, Gs^Fds, Gd^Es, Gll^Edb, Re^Ecf, Gd^Edb, Gll, Gll^Fdw, Re^Es, Re, Gll^Edb, Gll, Gll^Fdw, Re^Es, Gll^Fdw, Re^Es, Re, Gd, Re, Re^Es, Gll^Fdw, Re^Edb, Gll^Fdw, Gd^Es, Gll^Fdw, Gll^Fp
Gs^Fds, Gs^Es, Gs^Fds, Gg, Gs, Gs^Es, Re, Re, Re^Es, Gd, Gs, Gll, Gd^Es, Re, Gd, Gs^Fds, Gll^Es, Gll^Fdw, Gll^Fdw, Gll^Fdw, Gll, Re^Vct, Re^Es, Re, Re^Edb, Re^Vct, Gll^Fdw, Gll^Fdw, Gll^Fdw, Gll^Fdw, Gs^Fds, Gll^Fdw, Gs^Fds, Gd, Re^Vct, Re, Gll^Edb, Re^Es, Re^Es, Gll, Gll^Fdw, Gll^Fdw, Gll^Fdw, Gs^Fds
Gs, Gd, Gs, Gs^Fds, Gd^Es, Gd, Gll^Fdw, Gd, Gll^Fdw, Gll, Gll^Fp, Gd, Gs, Re, Re^Edb, Gd, Gll^Fdw, Gll^Fdw, Gll^Fdw, Gd^Edb, Re^Edb, Re^Es, Cvr^Es, Cvr^Edb, Re, Re^Es, Gd, Gll^Fdw, Gll^Fdw, Gll^Fdw, Gll^Fp, Gd^Es, Gd^Es, Gs^Fds, Gll^Edb, Gll^Ecf, Re^Vct, Gd^Fetd, Gs^Fds, Gll^Fdw, Gll^Fdw, Gll^Fdw, Gd^Es, Gs^Fds
Gd^Es, Gd^Es, Gs^Fds, Gs, Gll, Gd, Gd, Gll^Fdw, Gll^Fdw, Gll^Es, Gs^Fds, Gs^Es, Gs^Fds, Gd^Edb, Gll, Re^Es, Gd, Gd, Re^Vct, Re^Edb, Re, Cer^Edb, 5 Ket, Cer^Edb, Cvr^Edb, Gll^Fdw, Gll^Es, Gll^Fdw, Gll^Fdw, Gll, Gll^Fp, Gll^Fp, Gll^Fp, Gll, Gll^Edb, Gll^Edb, Gd^Es, Gll, Gd, Gll^Fdw, Gll^Fdw, Gll^Fdw, Gs^Fms, Gd
Gs^Fds, Gll^Fdw, Gs^Fms, Gll^Fdw, Gll^Es, Gll^Es, Gd^Es, Gd, Gd, Gll, Gd^Es, Gd, Gs^Fds, Gll^Fdw, Gll^Fdw, Gs^Fds, Gd^Fetd, Re^Es, Re, Gll, Re^Es, Cer^Edb, Cer^Edb, Cer^Es, Re^Es, Re, Gll^Fdw, Gll, Gll^Fdw, Gs^Fds, Gd, Gll^Fp, Gs^Es, Gd^Es, Gd, Gd, Gd, Gs^Fds, Gs, Gll^Fdw, Gll^Fp, Gll^Fp, Gd^Es, Gll
Gll, Gll^Es, Gd, Gll^Fp, Gll^Fdw, Gd, Gs^Fds, Gll^Es, Gs^Fds, Gd, Gs^Edb, Gs^Fds, Gs^Fms, Gs^Fms, Gll^Fdw, Gs^Fds, Gll, Gd^Ecf, Re, Gd, Gd^Edb, Re, Gll, Re^Edb, Gll, Gd^Es, Gll^Fdw, Gll^Fdw, Gll^Fdw, Gll^Fdw, Gs^Fds, Gs^Fms, Gs, Gd, Gd^Es, Gll, Gd^Edb, Gll^Es, Gd^Edb, Gs^Es, Gs, Gd, Gll^Fdw, Gll^Fdw
Gs^Fds, Gll^Fdw, Gll^Es, Gll, Gs^Fds, Gll^Fdw, Gll^Fdw, Gll^Fdw, Gs^Fds, Gs, Gd, Gll^Fp, Gll^Fp, Gll^Fp, Gll^Fdw, Gll^Fdw, Gll^Fdw, Gd^Es, Gll^Fdw, Re^Vct, Re, Gll^Es, Gd^Edb, Gd, Gll^Fdw, Gll^Fdw, Gll, Gll^Es, Gll^Fdw, Gd, Gd, Gs, Gll^Es, Gll, Gd, Gd^Edb, Gll^Fdw, Gll^Fdw, Gll^Fdw, Gd, Gll^Edb, Gll^Fdw, Gll^Fdw, Gll^Fp
Gs^Fds, Gll^Fdw, Gll^Fdw, Gs^Fds, Gs^Fds, Gll^Fdw, Gs^Fds, Gs^Fds, Gs^Fds, Gs^Fds, Gll^Fp, Gs^Fds, Gd, Gll^Fp, Gll^Fp, Gll^Fp, Gs^Fds, Gll^Fdw, Gll^Fdw, Gll^Edb, Re^Edb, Re^Es, Gd^Ecf, Gd^Edb, Gs, Gs^Fds, Gs^Es, Gd^Es, Gd, Gll^Es, Gd, Gd^Es, Gd, Gll^Fdw, Gs^Fds, Gs^Fds, Gs^Fds, Gd, Gs^Fds, Gll^Edb, Gs^Fds, Gll^Fdw, Gll^Fdw, Gll^Fdw
