Gs^Fds, Gs^Fds, Gs^Fds, Gg, Gs^Fds, Gg, Gs^Fds, Gg^Efm, Gs^Fds, Gg, Gs^Fds, Gs^Fds, Gs^Fds, Gs^Fds, Gs^Fds, Gs^Fds, Gs^Efm, Gg^Efm, Gll^Fp, Gg, Gll^Fp, Gll^Fp, Gll^Fp, Gs^Fds, Gs^Fds, Gs^Fds, Gs^Fds, Gg, Gs^Fds, Gs^Fds, Gs^Fds, Gs^Fds, Gs^Fds, Gg, Gs^Fds, Gg, Gs^Fds, Gg, Gs^Efm, Gs^Fds, Gs^Fds, Gs^Fds, Gs^Fds, Gs^Fds, Gll^Fp, Gll^Fp, Gll^Fp, Gll^Fp, Gll^Fp, Gs^Fds, Gs^Fds, Gs^Fds, Gs^Fds, Gs^Fds, Gs^Fds, Gs^Fds, Gs^Fds
Gs^Fds, Gs^Fds, Gg^Efm, Gs^Fds, Gs^Fds, Gs^Fds, Gg^Efm, Gs, Gs, Gs^Fds, Gs^Fds, Gs^Fds, Gs^Fds, Gs^Fds, Gs^Efm, Gs^Fds, Gs^Fds, Gll^Fp, Gs^Fds, Gll^Fp, Gll^Fp, Gll^Fp, Gll^Fp, Gll, Gg, Gs^Fds, Gs^Fds, Gs^Fds, Gs^Efm, Gg, Gs^Fds, Gs^Fds, Gs^Efm, Gs^Fds, Gs^Fds, Gs^Efm, Gs^Efm, Gs^Fds, Gg^Es, Gs^Fds, Gg^Efm, Gs^Efm, Gs^Fds, Gs^Fds, Gs, Gll^Fp, Gll^Em, Gs^Fds, Gs, Gll^Fp, Gs^Fds, Gs^Fds, Gs^Es, Gs^Fds, Gg^Fet, Gs^Fds, Gs^Fds
Gs^Efm, Gll^Em, Gll^Fp, Gs, Gg^Efm, Gg^Es, Gs^Efm, Gs^Efm, Gg, Gg^Fet, Gs^Efm, Gg^Efm, Gs^Fds, Gs^Es, Gs^Fds, Gs^Fds, Gs^Fds, Gll^Fp, Gll^Fp, Gll^Em, Gs, Gg^Es, Gs^Efm, Gg^Efm, Gs^Fds, Gs^Efm, Gg^Efm, Gs^Fds, Gg^Efm, Gs^Efm, Gs^Fds, Gg^Efm, Gs, Gs^Fds, Gg^Efm, Gs^Fds, Gs, Gs^Efm, Gs^Fds, Gs^Fds, Gs^Fds, Gs^Fds, Gs^Efm, Gs^Efm, Gs^Fds, Gll^Fp, Gs^Fds, Gll^Fp, Gll^Fp, Gs^Fds, Gs^Fds, Gg^Efm, Gs^Fds, Gs^Efm, Gs^Efm, Gll^Fp, Gll^Fp
Gll^Fp, Gll^Fp, Gll^Fp, Gll, Gg^Es, Gs, Gg, Gg^Efm, Gs^Es, Gg^Efm, Gs^Efm, Gs, Gs^Efm, Gs^Fds, Gs^Fds, Gs^Fds, Gs^Fds, Gs^Fds, Gs^Fds, Gg^Efm, Gll^Fp, Gll^Fp, Gll, Gs, Gs^Fds, Gs^Fds, Gs^Efm, Gs, Gs^Fds, Gg^Es, Gs, Gs^Efm, Gs^Es, Gg^Fet, Gs, Gs^Efm, Gg^Efm, Gs^Es, Gs^Efm, Gg^Es, Gs^Fds, Gs^Fds, Hh, Gg, Gg^Efm, Gs^Efm, Gs^Fds, Gs^Fds, Gs^Fds, Gs^Efm, Gg^Efm, Gs, Gs^Fds, Gs^Fds, Gll^Fp, Gs^Fds, Gll^Fp
Gs^Fds, Gs^Fds, Gll^Fp, Gll^Fp, Gll^Fp, Gg^Efm, Gs^Efm, Gs^Efm, Gg^Efm, Gg, Gg, Gs^Fds, Gs^Fds, Gs^Fds, Gg^Efm, Gs, Gs^Fds, Gs^Fds, Gs^Fds, Gs, Gs^Es, Gs^Efm, Hh, Gs^Fds, Gs^Efm, Gs^Fds, Hh, Gg^Efm, Hh, Hh, Gg, Gs, Gs^Efm, Gs^Efm, Gll, Gs^Efm, Gs, Gs^Efm, Gd^Es, Hhd, Hhd, Hh^Es, Gll^Fdw, Gd, Hh, Gs^Fds, Gs^Fds, Gs^Fds, Gd, Gs^Fds, Gs, Gs^Fds, Gs^Fds, Gs^Fds, Gs^Fds, Gll^Fp, Gs^Fds
Gll^Fp, Gs^Fds, Gs^Fds, Gll^Em, Gs^Efm, Gg, Gs^Es, Gs, Gs^Efm, Gs^Efm, Gs^Efm, Gg^Efm, Gs^Fds, Gs^Fds, Gs, Gs^Fds, Gs, Gs^Efm, Gs^Efm, Gd, Gll^Fdw, Hh, Gs^Efm, Hh^Es, Gs, Gg^Efm, Gs^Es, Hh, Hhd, Gs^Efm, Hh, Hh^Es, Gll^Fdw, Gs, Gll^Fdw, Hh, Hh, Gll^Fdw, Gll, Hhd^Es, Ur^Br/, Rb^Br/, Rb^Br\, Rb^Br/, Ur^Br\, Gd, Ur^Br/, Gs^Efm, Ur^Br/, Gd^Es, Rb^Br/, Gll, Gs^Fds, Gs^Fds, Gs^Efm, Gs^Efm, Gs^Fds
Gll^Fp, Gll^Fp, Gs^Fds, Gs^Fds, Gs, Gs, Gd, Gs, Gll^Fdw, Gd, Gd, Gs, Gll, Gs^Efm, Gd, Gs^Es, Gd, Gs, Hh^Es, Hh, Gll^Fdw, Gll^Fdw, Gll^Fdw, Gll^Fdw, Gd^Edb, Hhd, Hhd, Hhd^Edb, Hhd^Vhhr, Gd^Edb, Gll, Gll^Fdw, Gll^Fdw, Gll^Fdw, Gll^Es, Gll^Fdw, Hhd, Gd, Ur^Br/, Gd^Es, Ur^Br|, Gll^Fdw, Gll^Fdw, Gd^Edb, Gd, Ur^Br/, Gd^Edb, Ur^Br\, Gd, Rb^Br\, Gll^Fdw, Rb^Br\, Gd^Es, Gs^Efm, Gll^Em, Gs^Fds, Gs^Fds
Gll^Fp, Gll^Fp, Gs^Fds, Gll, Gs^Fds, Gll, Gd, Gll, Gll, Gll, Gll^Fdw, Gll^Fdw, Gd^Es, Gs, Gd^Edb, Gll, Gll, Gd, Gll, Gll^Fdw, Gd, Gll^Fdw, Gll^Fdw, Gll^Edb, Ur^Br/, Ur^Br\, Ur^Br/, Ur^Br\, Rb^Br/, Rb^Br/, Ur^Br\, Hhd^Edb, Ur^Br/, Ur^Br/, Ur^Br\, Rb^Br/, Rb^Br\, Ur^Br/, Mm, Rb^Br\, Ur^Br|, Gd, Hhd^Es, Mm, Mm^Xm, Mm, Hhd^Es, Rb^Br|, Mm, Gll^Fdw, Gll^Fdw, Ur^Br|, Gs^Efm, Gs^Fds, Gll^Fp, Gll^Fp, Gll^Fp
Gs^Fds, Gs^Fds, Gll^Edb, Gs^Es, Gd, Gll^Fdw, Gll^Fdw, Gll^Es, Gll^Fdw, Gll^Fdw, Gd^Edb, Gll, Gd, Gd^Edb, Gll^Es, Gll^Fdw, Gll^Fdw, Gd^Es, Hh, Gd^Vhr, Hhd^Es, Gll, Gd^Edb, Hhd^Es, Rb^Br|, Gd^Edb, Rb^Br|, Gll^Fdw, Gll^Fdw, Gd^Edb, Gll^Fdw, Ur^Br\, Gd^Es, Gll^Edb, Gll^Fdw, Gll^Fdw, Gll^Fdw, Hhd^Edb, Hhd^Vhhr, Mm, Rb^Br|, Mm, Ur^Br/, Mm, Mm, Mm^Xm, Mm, Rb^Br|, Mm, Gd, Mm, Ur^Br|, Gs^Fds, Gs^Fds, Gs^Fds, Gll^Fp, Gll^Fp
Gll^Fdw, Gll^Fdw, Gll^Fdw, Gll^Fdw, Gd^Vhr, Gll^Fdw, Re^Es, Gd^Edb, Gll^Fdw, Gll^Fdw, Gll^Es, Gll^Fdw, Gll, Hh, Hh, Gll^Fdw, Gll^Fdw, Gll, Gll^Fdw, Hh, Hhd, Hhd, Ur^Br|, Rb^Br/, Hhd, Hhd^Es, Ur^Br\, Gll^Fdw, Gd^Edb, Hhd, Hhd^Es, Ur^Br|, Rb^Br\, Hhd^Edb, Gll^Edb, Gll^Fdw, Hhd, Gd, Hhd^Edb, Gll^Fdw, Rb^Br|, Ur^Br/, Gd^Fetd, Rb^Br\, Ur^Br\, Mm^Xm, Mm, Mm, Gll^Fdw, Hhd^Es, Hhd^Edb, Ur^Br|, Mm, Gs^Fds, Hh, Gs^Efm, Gll^Fp
Gd^Edb, Gll^Fdw, Gll^Fdw, Gd^Es, Gll, Gd^Edb, Re^Edb, Re^Ecf, Gd^Edb, Gll^Fdw, Gll, Gll^Fdw, Gd, Gll^Fdw, Gll, Gll^Fdw, Gd^Edb, Gd^Edb, Gd, Gll, Gll^Es, Hhd^Es, Ur^Br/, Gd^Edb, Gd^Edb, Ur^Br/, Hhd^Edb, Rb^Br|, Gll^Fdw, Mm, Mm, Gll^Fdw, Ur^Br|, Hhd^Edb, Hhd, Mm, Mm, Mm, Gd^Edb, Hhd^Edb, Ur^Br/, Mm, Hhd^Edb, Hhd^Emf, Mm, Mm, Mm, Mm, Mm, Hhd, Ur^Br/, Rb^Br|, Gd^Vhr, Hh, Gll, Hh^Es, Hh^Es
Gll^Fdw, Gll, Gd^Edb, Gd^Edb, Gll^Fdw, Gll^Edb, Gd, Re^Edb, Gd^Edb, Gll, Gd^Edb, Gll^Edb, Gd, Gd^Edb, Ur^Br/, Gd^Es, Gll, Gd^Edb, Gll^Fdw, Gll^Fdw, Gll^Fdw, Ur^Br|, Hhd, Hhd^Es, Rb^Br/, Ur^Br|, Hhd^Edb, Rb^Br|, Mm, Mm, Rb^Br\, Gd^Edb, Ur^Br|, Mm, Mm, Mm, Mm, Mm, Rb^Br/, Rb^Br/, Hhd, Ur^Br\, Ur^Br\, Mm, Mm, Mm, Mm, Mm^Xm, Hhd, Gll^Edb, Ur^Br|, Gd^Edb, Gs^Es, Gs^Fds, Gll^Fdw, Hh^Es, Gll^Es
Gll^Fdw, Gll^Fdw, Gll^Edb, Gll, Gll^Fdw, Gll^Fdw, Gll^Fdw, Gll^Es, Gd^Edb, Cer^Edb, Rb^Br/, Gll^Fdw, Gll^Fdw, Rb^Br/, Gd, Rb^Br\, Rb^Br/, Ur^Br/, Ur^Br\, Gll^Fdw, Rb^Br/, Rb^Br/, Ur^Br\, Rb^Br/, Gd^Edb, Hhd, Mm, Mm, Mm, Hhd^Edb, Mm, Rb^Br/, Mm, Ur^Br\, Hhd^Edb, Mm, Mm, Mm^Xm, Mm, Hhd^Edb, Mm, Gll^Fdw, Mm, Mm, Mm, Mm, Mm, Gll^Fdw, Rb^Br/, Rb^Br/, Gd^Es, Ur^Br\, Ur^Br\, Gll, Ur^Br/, Gd^Es, Rb^Br/
Gd, Gll^Edb, Gd, Gd^Es, Gll^Edb, Gll, Cte^Edb, Gll, Cte^Es, Ur^Br/, Gd^Es, Rb^Br\, Ur^Br/, Ur^Br|, Gd^Fetd, Ur^Br|, Hhd^Edb, Gd^Edb, Mm, Ur^Br/, Gll^Fdw, Gll^Fdw, Mm, Ur^Br\, Rb^Br\, Ur^Br/, Rb^Br\, Hhd, Mm, Mm, Mm, Hhd^Dr, Hhd, Ur^Br|, Rb^Br\, Hhd^Edb, Mm, Mm, Mm^Xm, Mm^Xm, Mm, Mm, Mm, Mm, Mm, Mm, Mm, Ur^Br/, Mm, Hhd^Edb, Gll^Fdw, Hhd^Es, Mm, Rb^Br|, Mm, Rb^Br\, Gll^Es
Gll^Fdw, Gll^Fdw, Gll^Edb, Gd^Es, Gd, Gll, Cte^Edb, Ker^Edb, Cer^Edb, Gd^Es, Gll^Fdw, Ur^Br/, Gll^Fdw, Gll^Fdw, Gd^Vhr, Ur^Br|, Rb^Br\, Gll^Fdw, Gll^Fdw, Ur^Br|, Rb^Br\, Gll^Fdw, Hhd^Es, Mm, Ur^Br|, Mm, Hhd^Es, Rb^Br|, Mm, Mm, Mm, Mm, Ur^Br/, Rb^Br|, Mm, Ur^Br\, Rb^Br\, Rb^Br/, Ur^Br\, Mm, Mm, Rb^Br\, Ur^Br\, Mm, Rb^Br/, Hhd^Edb, Mm^Xm, Mm, Mm, Mm, Rb^Br/, Ur^Br/, Ur^Br\, Ur^Br/, Rb^Br\, Gll^Fdw, Hhd^Edb
Gll^Fdw, Gll^Fdw, Mm, Cte^Es, Ur^Br/, Rb^Br/, Gd, Cte^Edb, Gll, Gll^Fdw, Gll^Fdw, Ur^Br|, Ur^Br\, Gll^Fdw, Hhd^Es, Mm, Rb^Br|, Mm, Hhd, Ur^Br|, Hhd^Dr, Rb^Br\, Mm, Mm, Mm, Rb^Br\, Mm, Ur^Br|, Mm, Mm, Hhd, Mm, Mm, Hhd, Ur^Br/, Ur^Br|, Mm, Hhd, Mm, Mm, Mm, Mm, Hhd^Es, Rb^Br|, Gll^Fdw, Mm, Mm, Mm, Mm, Mm, Hhd^Edb, Hhd, Mm^Xm, Hhd, Hhd^Edb, Rb^Br\, Mm
Hhd^Es, Mm, Rb^Br/, Mm, Ur^Br|, Mm, Mm, Ur^Br|, Gd^Edb, Gll^Fdw, Gd, Mm, Rb^Br|, Hhd, Mm, Mm, Mm, Mm^Xm, Mm, Mm, Mm, Hhd^Es, Mm, Mm, Hhd^Es, Ur^Br|, Mm, Mm^Xm, Mm^Xm, Mm, Gll^Edb, Gll^Fdw, Hhd^Es, Ur^Br|, Gd^Edb, Gll^Edb, Hhd^Edb, Mm, Mm, Mm, Mm, Mm, Ur^Br|, Rb^Br/, Gd^Es, Hhd, Mm, Mm, Ur^Br/, Hhd^Edb, Rb^Br/, Mm, Mm, Mm, Hhd^Emf, Ur^Br|, Mm
Hhd^Edb, Ur^Br/, Mm, Ur^Br\, Rb^Br|, Mm, Gll^Fdw, Rb^Br\, Ur^Br|, Hhd, Hhd^Edb, Hhd^Edb, Rb^Br|, Mm, Rb^Br\, Mm, Hhd^Edb, Mm, Mm, Mm, Mm, Mm, Mm, Mm, Gll^Fdw, Mm, Gll, Mm^Xm, Mm, Mm, Mm, Gd, Hhd^Edb, Rb^Br|, Rb^Br\, Hhd^Edb, Mm, Mm, Mm, Rb^Br|, Hhd^Es, Mm, Ur^Br|, Mm, Ur^Br\, Hhd^Edb, Rb^Br/, Rb^Br/, Hhd, Ur^Br\, Hhd^Edb, Hhd^Vhhr, Mm, Mm, Mm, Mm, Hh
Hhd^Edb, Rb^Br|, Hhd^Dr, Mm, Rb^Br\, Gll^Fdw, Gll^Fdw, Hhd^Es, Rb^Br/, Mm, Ur^Br/, Hhd^Edb, Ur^Br|, Mm, Hhd^Edb, Ur^Br\, Rb^Br|, Hhd^Edb, Hhd^Edb, Ur^Br|, Hhd, Hhd^Edb, Mm, Mm, Mm, Mm, Gll^Fdw, Hhd^Edb, Gll^Fdw, Mm, Hhd^Es, Hhd, Gll^Fdw, Gll, Ur^Br|, Hhd^Es, Hhd^Emf, Hhd, Rb^Br|, Rb^Br/, Gll^Fdw, Gd^Vhr, Ur^Br/, Ur^Br/, Hhd^Es, Ur^Br|, Mm, Ur^Br\, Ur^Br\, Gll^Edb, Mm, Hhd, Rb^Br\, Mm, Mm, Mm, Mm
Ur^Br/, Rb^Br/, Mm, Mm, Hhd^Emf, Ur^Br\, Ur^Br/, Ur^Br/, Hhd^Edb, Rb^Br\, Gll^Fdw, Ur^Br\, Ur^Br|, Hhd^Es, Gd, Hhd^Es, Rb^Br|, Hhd^Edb, Ur^Br|, Rb^Br/, Rb^Br\, Ur^Br/, Mm, Hhd^Es, Gll^Es, Mm, Hhd^Edb, Re^Vct, Re^Edb, Re^Ecf, Hhd^Edb, Re^Vct, Gll^Fdw, Gll^Fdw, Gd^Edb, Ur^Br\, Gll, Gll^Fdw, Ur^Br/, Gd^Edb, Rb^Br/, Rb^Br/, Hhd^Edb, Gll^Fdw, Gll^Es, Rb^Br|, Ur^Br\, Gll^Fdw, Ur^Br/, Ur^Br\, Ur^Br\, Rb^Br/, Hhd^Edb, Rb^Br\, Mm, Mm, Mm
Mm, Mm, Mm, Hhd^Es, Rb^Br/, Rb^Br/, Ur^Br|, Re^Vct, Hhd^Ecf, Re^Edb, Gd^Edb, Gll^Fdw, Rb^Br\, Gll^Edb, Ur^Br/, Rb^Br\, Ur^Br|, Hhd^Es, Rb^Br|, Gd^Fetd, Ur^Br|, Hhd^Edb, Hhd, Mm, Rb^Br\, Gll^Fdw, Ur^Br/, Gll^Fdw, Gll^Fdw, Gll^Fdw, Hhd^Edb, Gd^Edb, Ur^Br/, Rb^Br\, Ur^Br/, Ur^Br|, Rb^Br\, Rb^Br/, Hhd^Edb, Ur^Br\, Hhd, Ur^Br\, Hhd^Es, Hhd^Edb, Hhd^Es, Hhd^Es, Rb^Br/, Rb^Br/, Ur^Br\, Mm, Hhd^Dr, Mm, Gll^Fdw, Mm, Hhd^Edb, Mm, Mm
Mm, Mm, Ur^Br/, Ur^Br/, Hhd^Es, Gd^Edb, Ur^Br|, Hhd^Edb, Hhd^Edb, Re^Es, Mm, Hhd^Edb, Gll^Es, Rb^Br\, Gd, Hhd^Es, Rb^Br\, Gll^Fdw, Rb^Br\, Hhd, Ur^Br|, Hhd^Edb, Ur^Br/, Rb^Br/, Gd, Ur^Br\, Gd, Ur^Br\, Gd^Edb, Gd^Edb, Rb^Br\, Gll^Fdw, Ur^Br|, Gd^Es, Hhd, Hhd^Es, Mm, Gd^Edb, Mm, Hhd^Edb, Mm, Mm, Mm, Hhd^Edb, Ur^Br/, Ur^Br/, Hhd^Es, Mm, Ur^Br|, Mm, Mm, Mm, Mm, Mm, Mm, Ur^Br|, Mm
Mm, Mm^Xm, Mm, Gd^Vhr, Hhd, Gll^Fdw, Rb^Br\, Hhd, Mm, Mm, Mm, Mm, Hhd^Dr, Hhd, Gll^Fdw, Ur^Br/, Gd^Vhr, Ur^Br/, Wwf^Es, Ur^Br/, Mm, Ur^Br\, Wwf^Es, Gll^Es, Gll^Fdw, Gll^Es, Gll^Fdw, Rb^Br|, Ur^Br\, Ur^Br/, Gll^Fdw, Rb^Br/, Gll, Hhd, Hhd^Es, Mm, Mm, Mm, Mm, Mm, Mm, Mm, Mm, Mm, Mm^Xm, Mm, Mm, Hhd, Hhd^Vhhr, Ur^Br\, Rb^Br\, Hhd^Edb, Ur^Br/, Hhd^Es, Rb^Br/, Rb^Br/, Mm
Hhd^Es, Mm, Mm, Mm, Mm, Mm, Mm, Rb^Br\, Mm, Mm^Xm, Mm, Mm, Mm, Gll^Es, Rb^Br/, Rb^Br|, Gd^Es, Gll^Es, Wwr, Mm, Ss, Sm, Hhd, Ww^Ewl, Hhd^Es, Gll^Fdw, Hhd^Vhhr, Hhd, Rb^Br|, Gd^Es, Hhd^Edb, Hhd^Edb, Mm, Mm^Xm, Mm, Mm, Mm, Mm, Hhd^Es, Hhd^Dr, Hhd, Hhd^Es, Ur^Br/, Mm, Mm, Mm^Xm, Mm, Mm, Hhd^Edb, Mm, Rb^Br/, Ur^Br/, Mm, Ur^Br\, Ur^Br\, Mm, Mm
Mm, Hhd^Es, Mm, Mm, Mm^Xm, Mm, Mm, Mm, Mm, Mm, Mm, Mm, Hhd, Hhd^Edb, Rb^Br|, Gll^Edb, Ww, Wwf, Hhd^Es, Mm, Mm, Gd^Fetd, Gll^Es, Sm, Sm, Sm, Gll^Fdw, Gll^Fdw, Gd^Edb, Rb^Br\, Gll^Edb, Hhd^Edb, Hhd^Edb, Mm, Hhd^Edb, Mm, Mm, Ur^Br|, Mm, Mm, Mm, Rb^Br|, Hhd, Hhd^Edb, Hhd^Edb, Mm, Mm^Xm, Mm, Mm, Ur^Br/, Gll^Fdw, Hhd^Edb, Hhd^Es, Mm, Rb^Br|, Mm, Mm
Mm, Mm, Mm, Mm, Mm, Mm, Ur^Br\, Mm, Gll^Fdw, Hhd^Es, Gll^Edb, Hhd^Edb, Gd^Es, Rb^Br/, Hhd^Es, Hhd^Es, Wo, Mm, Mm, Mm, Mm^Xm, Mm, Gll^Fdw, Sm, Hhd^Es, Wwf^Es, Sm, Cer^Ecf, Gd^Edb, Ur^Br|, Ur^Br\, Ur^Br/, Rb^Br\, Rb^Br/, Gll^Es, Mm, Hhd^Es, Ur^Br\, Rb^Br|, Hhd, Ur^Br|, Rb^Br/, Mm, Hhd^Edb, Rb^Br|, Ur^Br/, Hhd^Es, Mm, Mm, Mm, Hhd^Es, Hhd^Edb, Gll^Edb, Rb^Br/, Mm, Mm, Mm
Hhd^Es, Hhd^Es, Mm^Xm, Mm^Xm, Mm, Hhd^Vhhr, Hhd^Edb, Rb^Br\, Rb^Br\, Gd^Edb, Ur^Br/, Hhd, Ur^Br/, Rb^Br|, Gll^Es, Wwf, Wwf^Es, Wwf, Hhd^Edb, Mm^Xm, Mm, Mm^Xm, Mm, Sm, Ss, Ss, Sm, Re^Edb, Re^Es, Gll^Edb, Ur^Br|, Gll^Fdw, Gd^Edb, Gll^Fdw, Hhd^Edb, Hhd, Gll^Fdw, Gd^Fetd, Rb^Br|, Gll^Fdw, Ur^Br|, Mm, Mm, Mm^Xm, Ur^Br/, Mm, Mm, Mm, Ur^Br\, Mm, Rb^Br/, Ur^Br\, Ur^Br/, Ur^Br|, Mm, Mm, Mm
Mm, Mm^Xm, Mm, Mm, Mm, Mm, Ur^Br\, Gd^Edb, Ur^Br/, Ur^Br/, Gd^Edb, Ur^Br\, Rb^Br|, Gll^Fdw, Gll^Fdw, Gd^Edb, Gll^Es, Wo, Wo, Hhd^Es, Mm, Mm, Gd^Edb, Hhd^Es, Sm, Ss, Gll^Es, Gll^Fdw, Re, Cte^Edb, Cer^Edb, Cte^Edb, Cte^Edb, Gd, Mm, Mm, Gd, Gd^Edb, Ur^Br|, Gll^Edb, Ur^Br/, Ur^Br/, Rb^Br\, Ur^Br/, Rb^Br\, Hhd, Mm, Mm, Hhd^Edb, Rb^Br/, Hhd^Es, Gll^Edb, Gll^Fdw, Gll^Fdw, Gll^Fdw, Mm, Mm
Mm, Mm, Mm, Mm, Mm, Ur^Br/, Mm, Ur^Br/, Gd, Gll^Fdw, Gll^Fdw, Gd^Es, Rb^Br|, Gll^Fdw, Gll^Fdw, Gd^Edb, Wwf, Ww^Ewl, Wwr, Wwf^Es, Hhd^Emf, Mm, Sm, Ss, Ss, Wwf, Hhd^Edb, Gll^Fdw, Gd^Edb, Cte^Edb, Rb^Br/, Ker^Edb, Rb^Br|, Gll^Edb, Cte^Edb, Gll^Fdw, Gll^Fdw, Mm, Rb^Br|, Rb^Br/, Gll^Fdw, Gd^Edb, Rb^Br|, Gll^Fdw, Gd^Vhr, Rb^Br\, Rb^Br\, Mm, Hhd^Es, Ur^Br|, Gd^Es, Gll^Fdw, Gll^Fdw, Re^Ecf, Re^Edb, Re^Vct, Gll^Edb
Hhd^Es, Hhd^Dr, Ur^Br|, Hhd^Edb, Rb^Br|, Mm, Mm, Mm, Hhd^Edb, Gll^Fdw, Ur^Br/, Rb^Br/, Gd^Edb, Gd, Hhd, Gll^Fdw, Hhd, Wwr, Wwf, Wwr, Ww, Sm, Sm, Wwf^Es, Wwr, Gll^Fdw, Hhd, Gd^Es, Ur^Br/, Rb^Br/, Cer^Edb, Gll, Rb^Br|, Gd^Edb, Ur^Br/, Gd^Edb, Rb^Br/, Gll, Ur^Br/, Mm, Gll^Fdw, Mm, Ur^Br|, Gll^Edb, Gll^Fdw, Mm, Mm, Mm, Gll^Edb, Ur^Br|, Ur^Br\, Gll^Fdw, Re^Vct, Re^Edb, Gll^Fdw, Re^Edb, Mm
Rb^Br\, Mm, Ur^Br|, Hhd^Edb, Rb^Br|, Mm, Ur^Br\, Hhd^Edb, Gd, Hhd^Edb, Gd^Edb, Ur^Br|, Gll^Fdw, Gll^Fdw, Gd, Hhd, Re^Edb, Re^Ecf, Re^Edb, Re^Vct, Gd^Es, Wwf^Es, Gll^Es, Hhd, Hhd^Edb, Hhd^Edb, Hhd^Edb, Gll^Edb, Ur^Br|, Gll^Fdw, Re^Edb, Cer^Edb, Gd^Edb, Ur^Br\, Gll, Ur^Br\, Gd^Es, Rb^Br\, Gd^Edb, Mm, Gd^Es, Mm, Gd^Edb, Rb^Br\, Ur^Br\, Hhd, Hhd^Edb, Gd^Edb, Ur^Br/, Rb^Br/, Gd^Es, Rb^Br\, Rb^Br\, Gll^Edb, Re^Vct, Gd^Es, Hhd
Mm, Ur^Br\, Rb^Br|, Ur^Br/, Hhd^Edb, Hhd, Hhd^Edb, Ur^Br\, Rb^Br\, Gll^Edb, Ur^Br/, Ur^Br/, Ur^Br\, Gll^Fdw, Gll^Fdw, Gll^Fdw, Re^Vct, Re, Gll^Edb, Gd^Edb, Rb^Br/, Rb^Br\, Ur^Br\, Hhd, Gll^Fdw, Gd, Gd^Es, Rb^Br/, Hhd, Gll^Fdw, Re, Re^Edb, Re^Ecf, Gll^Fdw, Ur^Br/, Rb^Br|, Gll^Fdw, Gll^Fdw, Gd^Vhr, Hhd, Hhd^Es, Mm, Mm, Hhd, Mm, Hhd^Edb, Rb^Br/, Ur^Br/, Hhd, Hhd^Edb, Mm, Gll^Edb, Ur^Br|, Gd^Edb, Mm, Mm^Xm, Mm
Mm, Mm, Rb^Br\, Gll^Fdw, Ur^Br/, Gll^Edb, Ur^Br/, Ur^Br/, Gll^Fdw, Rb^Br/, Gd^Edb, Gll^Fdw, Rb^Br|, Gll^Fdw, Gll^Fdw, Gll^Es, Ur^Br\, Gd^Edb, Ur^Br\, Gd, Ur^Br|, Gll, Gll^Edb, Ur^Br\, Rb^Br/, Rb^Br\, Ur^Br/, Ur^Br|, Gll^Edb, Gd^Edb, Hhd^Es, Gll^Fdw, Gll^Fdw, Gd^Edb, Ur^Br|, Gll^Es, Gd, Gll^Fdw, Hhd^Edb, Gll, Mm, Mm^Xm, Mm, Mm, Mm, Mm, Ur^Br|, Mm, Mm, Mm, Hhd^Edb, Hhd, Mm, Ur^Br\, Mm, Mm, Hhd
Gs^Fds, Gd^Edb, Gll^Fdw, Rb^Br\, Gll^Edb, Ur^Br\, Gll, Gll^Fdw, Gll^Fdw, Gd^Es, Gll^Es, Ur^Br/, Gd^Edb, Rb^Br\, Rb^Br\, Ur^Br/, Gll^Fdw, Ur^Br/, Gd^Es, Ur^Br/, Gd, Gd^Edb, Hhd, Gd, Hhd, Gd^Edb, Ur^Br|, Gd, Ur^Br/, Ur^Br/, Rb^Br\, Hhd^Emf, Mm, Mm, Hhd^Es, Rb^Br\, Rb^Br\, Hhd^Edb, Hhd, Gll^Fdw, Hhd, Mm, Mm, Mm, Mm, Mm, Mm, Mm, Mm, Rb^Br\, Ur^Br|, Mm, Rb^Br/, Ur^Br|, Mm^Xm, Mm^Xm, Mm
Gll^Fdw, Gd^Es, Gll^Fdw, Gd^Es, Gll^Edb, Gd^Edb, Gll^Fdw, Gll^Es, Gll^Fdw, Gll^Fdw, Gll, Ur^Br|, Ur^Br\, Gll^Es, Gll^Fdw, Gd^Edb, Gd^Edb, Gll^Fdw, Rb^Br/, Ur^Br|, Gll^Fdw, Hhd^Vhhr, Mm, Mm, Mm, Gll^Es, Gd^Edb, Ur^Br\, Gll^Fdw, Gll^Fdw, Mm, Mm, Mm, Mm, Mm, Ur^Br|, Mm, Ur^Br\, Rb^Br/, Ur^Br/, Mm, Mm^Xm, Mm, Mm^Xm, Hhd^Edb, Hhd^Es, Mm, Mm, Mm, Mm, Ur^Br|, Gd^Es, Ur^Br|, Mm, Mm, Mm, Mm
Gll^Fdw, Gll^Fdw, Gll^Fdw, Gll^Fdw, Gd^Es, Gd^Edb, Re^Vct, Gd, Gll^Edb, Gd, Gll^Edb, Gd^Edb, Rb^Br|, Gll^Fdw, Gll^Fdw, Gll^Fdw, Gd^Es, Ur^Br|, Gll^Edb, Ur^Br|, Ur^Br/, Ur^Br/, Rb^Br\, Hhd^Edb, Mm, Gll^Fdw, Hhd^Edb, Rb^Br|, Rb^Br\, Gd^Edb, Hhd^Es, Mm, Hhd^Es, Rb^Br\, Rb^Br/, Ur^Br/, Mm, Ur^Br|, Hhd, Mm, Mm, Mm, Mm, Mm, Rb^Br/, Rb^Br\, Ur^Br\, Mm, Hhd^Edb, Hhd^Edb, Ur^Br|, Hhd^Es, Ur^Br|, Mm, Hhd^Edb, Mm, Gd
Gs^Fds, Gs^Fds, Gs^Fds, Gs^Fds, Gd^Edb, Gd^Edb, Gd^Edb, Gd^Edb, Gll^Es, Gll^Fdw, Gll^Fdw, Gll^Edb, Gd^Edb, Rb^Br\, Ur^Br\, Gd, Rb^Br/, Rb^Br/, Gll^Fdw, Rb^Br|, Gd, Hhd^Es, Hhd, Rb^Br\, Mm, Mm, Mm, Hhd^Edb, Ur^Br|, Gll^Es, Hhd^Es, Mm, Mm, Mm, Mm, Hhd^Edb, Hhd^Edb, Ur^Br\, Ur^Br|, Mm, Mm, Mm, Hhd^Dr, Mm, Mm, Mm, Hhd^Edb, Rb^Br\, Ur^Br\, Hhd^Edb, Ur^Br/, Rb^Br/, Hhd^Edb, Gll, Gd^Edb, Hhd^Edb, Hh
Gs^Fds, Gs^Efm, Gd^Edb, Gd, Re^Es, Re^Ecf, Re^Edb, Gll^Fdw, Gll^Fdw, Gll^Fdw, Gll^Fdw, Gll^Fdw, Gd^Fetd, Gll^Es, Ur^Br|, Ur^Br/, Gd^Edb, Gll^Fdw, Gll^Es, Ur^Br|, Hhd^Es, Gll^Edb, Rb^Br/, Mm, Mm, Mm, Mm, Mm, Mm, Mm, Mm, Mm, Hhd^Dr, Mm, Mm, Hhd^Es, Mm, Mm, Ur^Br|, Hhd^Edb, Gd^Vhr, Gll^Fdw, Mm, Mm, Mm, Mm, Re^Vct, Hhd^Edb, Gll^Fdw, Ur^Br/, Hhd, Mm, Mm, Mm, Gd^Edb, Gd, Hh^Es
Gs^Fds, Gs^Fds, Gd^Edb, Gll^Fdw, Re^Vct, Re^Edb, Gd^Edb, Gll^Edb, Gll^Edb, Gll^Fdw, Gll^Fdw, Gll, Gd^Edb, Gll^Edb, Rb^Br\, Gll^Edb, Gll^Edb, Gd, Ur^Br/, Rb^Br/, Ur^Br\, Rb^Br/, Mm, Hhd, Mm, Mm, Mm, Ur^Br|, Mm, Mm, Mm, Mm, Mm, Hhd^Es, Mm, Mm, Hhd^Edb, Mm, Ur^Br|, Hhd^Es, Ur^Br/, Hhd^Edb, Mm, Mm, Hhd^Edb, Gd^Edb, Hhd^Ecf, Gll^Fdw, Re^Vct, Ur^Br|, Rb^Br\, Mm, Mm, Hhd^Edb, Hhd, Hh, Gll^Fp
Gs, Gll^Fdw, Gll, Gll^Fdw, Gd^Edb, Gll^Edb, Gd^Edb, Re^Vct, Gll^Edb, Gd, Gll^Fdw, Gll^Fdw, Gd, Gd^Edb, Gll, Rb^Br\, Gd^Es, Ur^Br/, Ur^Br|, Gd^Edb, Hhd^Emf, Hhd^Es, Mm, Mm, Mm, Mm, Hhd^Es, Rb^Br|, Gll, Hhd, Ur^Br|, Hhd, Mm, Mm, Gd^Es, Rb^Br\, Ur^Br/, Ur^Br/, Rb^Br|, Rb^Br/, Mm, Gll^Fdw, Mm, Hhd, Rb^Br\, Gll^Edb, Hhd^Edb, Hhd, Rb^Br\, Hhd^Edb, Rb^Br|, Hhd^Edb, Gll, Gll, Gd, Gll^Em, Hh
Gs^Efm, Gd, Gll^Fdw, Gll^Fdw, Gll^Fdw, Gll^Fdw, Gll^Fp, Gll, Gd^Es, Gll^Fdw, Gll^Fdw, Gd, Gll^Es, Gll^Fdw, Gll^Fdw, Rb^Br|, Ur^Br/, Ur^Br|, Hhd^Edb, Ur^Br\, Rb^Br\, Hhd, Mm, Mm, Mm, Mm, Hhd^Edb, Rb^Br|, Hhd, Hhd^Vhhr, Ur^Br/, Mm, Rb^Br/, Mm, Hhd^Edb, Hhd^Edb, Gll^Fdw, Mm, Ur^Br|, Mm, Hhd^Edb, Hhd^Es, Hhd, Ur^Br/, Gll^Fdw, Rb^Br\, Ur^Br/, Ur^Br/, Gll^Edb, Rb^Br/, Hhd^Es, Hhd^Es, Hhd, Hhd, Hh^Es, Hh, Gs^Efm
Gs^Efm, Gd^Efm, Gs^Fds, Gll^Fdw, Gs^Fds, Gd, Gll^Fp, Gll^Fp, Gs, Gll^Es, Gd^Edb, Gll^Fdw, Gll^Fdw, Gd, Gll^Edb, Ur^Br|, Gd^Edb, Gd^Edb, Hhd^Es, Gd^Edb, Rb^Br|, Mm, Ur^Br/, Ur^Br/, Gll^Edb, Gd^Es, Ur^Br/, Ur^Br/, Hhd, Ur^Br|, Mm, Rb^Br\, Hhd^Es, Mm, Mm, Gll^Fdw, Mm, Mm, Ur^Br\, Gll^Fdw, Mm, Mm, Mm, Gd, Ur^Br\, Hhd, Ur^Br|, Hhd, Mm, Mm, Mm, Hhd^Edb, Gd^Es, Gs^Efm, Hh, Gs^Efm, Gs^Fms
Gg^Efm, Gs^Es, Gs^Efm, Gs^Fds, Gs^Efm, Gll^Fp, Gll^Fp, Gll^Em, Gll^Fp, Gd^Edb, Gd^Edb, Gll, Gll^Fdw, Gll^Fdw, Gd, Ur^Br\, Rb^Br\, Gll^Fdw, Gll^Fdw, Gll^Fdw, Gll^Fdw, Ur^Br\, Hhd^Es, Gll^Edb, Re^Vct, Gll^Edb, Rb^Br|, Gd^Edb, Mm, Ur^Br\, Ur^Br|, Ur^Br/, Hhd^Edb, Mm, Gd^Es, Mm, Rb^Br/, Mm, Rb^Br/, Ur^Br\, Rb^Br/, Ur^Br\, Rb^Br/, Rb^Br/, Hhd^Emf, Ur^Br/, Gd^Edb, Hhd^Dr, Mm, Mm, Mm, Gll, Gd, Gd, Gg^Efm, Gs^Fds, Gs^Fms
Gs^Fds, Gs^Efm, Gs^Fds, Gs^Fds, Gs^Fds, Gg^Efm, Gll^Fp, Gll^Fp, Gs^Efm, Gs^Efm, Gs^Fds, Gll^Fdw, Gs^Fds, Gll^Fdw, Gd^Vhr, Gd^Edb, Rb^Br|, Gd^Es, Gll^Es, Gll^Fdw, Gd^Edb, Ur^Br|, Hhd^Edb, Hhd^Ecf, Gd^Edb, Gd^Es, Ur^Br|, Ur^Br\, Ur^Br\, Mm, Rb^Br\, Gll^Es, Mm, Mm, Mm, Ur^Br|, Gll^Es, Rb^Br\, Mm, Mm, Mm, Mm, Mm^Xm, Mm, Gll^Fdw, Gll^Edb, Gll, Mm, Mm, Gd, Mm, Mm, Hh, Gs, Gs^Efm, Gg^Es, Gs^Efm
Gs^Fds, Gs^Fds, Gs^Fds, Gs^Fds, Gs, Gg, Gs^Fds, Gll^Em, Gs, Gs^Fds, Gs^Efm, Gs^Fds, Gs^Fds, Gll^Fdw, Gd^Edb, Gll^Edb, Gd^Edb, Rb^Br\, Gll^Fdw, Gll^Fdw, Gll^Fdw, Ur^Br\, Ur^Br|, Gd^Edb, Gd^Edb, Re^Vct, Ur^Br|, Gll^Fdw, Gll^Fdw, Rb^Br\, Ur^Br/, Ur^Br\, Rb^Br/, Rb^Br\, Rb^Br\, Ur^Br/, Mm, Mm, Mm, Mm, Hhd^Es, Mm, Hhd^Edb, Mm, Gll^Fdw, Hhd^Es, Hhd^Edb, Hhd^Edb, Gll, Gll^Edb, Hhd, Gs^Efm, Gg^Efm, Gs, Gg^Efm, Gs^Fds, Gs^Fms
Gs^Efm, Gs^Fds, Gs^Fds, Gs^Fds, Gs^Fds, Gs^Efm, Gs^Fds, Gs^Fds, Gs^Fds, Gs^Fds, Gd, Gs^Fds, Gll^Fdw, Gd, Gll^Fdw, Gll^Fdw, Gd^Es, Ur^Br|, Gll, Gll^Fdw, Gd^Es, Gll^Es, Rb^Br\, Gll^Fdw, Gll^Fdw, Rb^Br/, Gll^Fdw, Gll^Fdw, Gd^Es, Gd^Edb, Gd^Fetd, Gll, Gll^Fdw, Gll^Fdw, Mm, Mm, Mm, Mm, Mm, Gll^Edb, Mm, Mm, Mm, Gd, Hh, Gd^Edb, Gd, Gd^Edb, Gd, Hh, Hh, Hh^Es, Gs, Gll^Fp, Gll, Gll^Fp, Gs^Fds
Gs^Fds, Gs^Efm, Gg^Fet, Gs, Gg^Efm, Gs^Fds, Gs^Efm, Gs^Fds, Gd^Edb, Gs^Edb, Gll^Fdw, Gll^Fdw, Gll^Fdw, Gll^Fdw, Gll^Fdw, Gll, Ur^Br/, Ur^Br|, Cte^Es, Gd^Edb, Gd^Edb, Cte^Edb, Gd^Edb, Rb^Br\, Gll^Fdw, Rb^Br|, Ur^Br\, Gll, Gll^Fdw, Gll, Gll^Fdw, Gll, Gd^Es, Mm, Gll^Es, Hhd^Es, Hhd^Edb, Mm, Mm, Gd, Gll^Fdw, Gd^Es, Hhd, Gs^Efm, Hh, Gs, Gs^Fds, Gs^Efm, Gs^Fds, Gs^Fds, Gs^Fds, Gs^Efm, Gll^Em, Gll^Fp, Gll^Fp, Gs^Fds, Gll^Fp
Gs^Fds, Gs^Fds, Gs^Fds, Gs^Efm, Gs^Fds, Gd^Es, Gs, Gd, Gs^Efm, Gd^Edb, Gll^Edb, Gll^Fdw, Gll^Fdw, Gll^Fdw, Gd^Edb, Ur^Br/, Gll^Edb, Rb^Br\, Rb^Br\, Cte^Edb, Gd^Edb, Cer^Edb, Ur^Br/, Ur^Br|, Cte^Edb, Gll^Es, Rb^Br|, Gd^Es, Gll^Fdw, Gll^Fdw, Gd^Es, Gd^Edb, Gll^Edb, Gd, Gd^Vhr, Mm, Hhd^Edb, Gd, Gd^Edb, Gll^Fdw, Gll^Fdw, Hhd^Es, Hh, Hh^Es, Gs^Efm, Gs^Fds, Gs^Fds, Gs^Fds, Gg^Efm, Gs^Fds, Gs^Efm, Gg, Gll, Gll^Fp, Gll^Em, Gll^Fp, Gs^Fms
Gs^Fds, Gs^Fds, Gs, Gs^Fds, Gs^Efm, Gg^Efm, Gll^Fp, Gll^Fp, Gd^Es, Gll^Fdw, Gd, Gll^Edb, Gll^Fdw, Gll^Es, Ur^Br/, Ur^Br|, Gd, Cte^Edb, Ur^Br|, Gll^Edb, Gd^Edb, Gll^Es, Rb^Br|, Gd^Es, Gll^Fdw, Gd, Ur^Br|, Gll, Gll^Edb, Gll^Fdw, Gd, Gll^Fdw, Gd^Es, Gd, Gll^Fdw, Gd^Edb, Gd^Edb, Hhd, Gll, Gd^Edb, Gll^Fdw, Gd, Gs^Fds, Gs, Gs^Fds, Gs^Efm, Gs, Gg^Efm, Gs^Fds, Gs^Efm, Gs^Fds, Gs^Efm, Gs^Efm, Gg^Efm, Gll^Fp, Gs^Fms, Gll^Fp
Gg^Efm, Gs^Fds, Gs^Fds, Gs^Efm, Gll^Fp, Gll, Gll^Fp, Gll, Gll^Fdw, Gd^Edb, Gd, Gd^Edb, Gll^Fdw, Gll^Edb, Rb^Br|, Re^Vct, Gll^Fdw, Gd, Ur^Br\, Gd, Cer^Edb, Gd^Edb, Ur^Br|, Gll^Fdw, Cte^Edb, Cte^Edb, Gd^Edb, Ur^Br\, Gll^Edb, Gd^Es, Gd^Edb, Gll, Hh, Gll^Edb, Hh^Es, Gd, Hh, Gd, Hh, Gs^Efm, Hh, Hh, Gs^Fds, Gs^Fds, Gs^Fds, Gs^Es, Gs^Fds, Gs^Efm, Gs^Fds, Gs, Gs^Fds, Gs^Fds, Gg^Es, Gs^Efm, Gs^Efm, Gll^Fp, Gll
Gs^Efm, Gs^Es, Gll^Em, Gll^Fp, Gll^Fp, Gll^Fp, Gll^Fp, Gll^Fdw, Gll^Fdw, Gll^Es, Gll^Fdw, Gll^Es, Gd, Rb^Br/, Gd, Gll^Edb, Cer^Ecf, Gll^Fdw, Gd, Cte^Edb, Kte^Es, Cer^Edb, Cte^Es, Gd, Re^Vct, Cer^Es, Ur^Br/, Rb^Br|, Gd, Gd, Gll^Fdw, Gll, Gll^Fdw, Gll, Gs^Efm, Hh, Gs, Hh^Es, Gs^Efm, Gs^Fds, Gs^Fds, Gs^Fds, Gs^Fds, Gs^Efm, Gs^Efm, Gg^Efm, Gs^Efm, Gs, Gs^Fds, Gs^Fds, Gs^Fds, Gs^Fds, Gs^Fds, Gs^Efm, Gs^Fds, Gs, Gs^Efm
Gg, Gs^Efm, Gll^Fp, Gll^Fp, Gll^Fp, Gll, Gg^Efm, Gd, Gll^Edb, Gll^Fdw, Gd^Es, Gd^Edb, Gd^Edb, Ur^Br|, Ur^Br\, Cer^Es, Gd^Es, Gll^Edb, Rb^Br/, Cer^Edb, Cer^Edb, Cte^Edb, Gll^Es, Ur^Br\, Gll^Edb, Gll, Ur^Br|, Gd^Es, Gll^Fdw, Gll^Edb, Gll^Fdw, Gll^Fdw, Gll^Fdw, Gll^Fdw, Gll, Gd^Es, Gs, Gs^Efm, Gs^Es, Gs^Fds, Gs^Efm, Gs^Fds, Gs^Fds, Gs^Efm, Gg^Es, Gs^Fds, Gs^Fds, Gs^Fds, Gs^Fds, Gs^Fds, Gs^Fds, Gg^Efm, Gs^Efm, Gg^Efm, Gs^Fds, Gs^Fds, Gs^Fds
Gs^Fds, Gs^Fds, Gs^Fds, Gll^Fp, Gs^Fds, Gll^Fp, Gd, Gd, Gd^Edb, Gll, Gll^Fdw, Gd, Gll^Edb, Gd, Ur^Br|, Gll^Edb, Ur^Br/, Rb^Br/, Gll^Fdw, Gll^Fdw, Gll^Fdw, Gd, Gd, Rb^Br|, Rb^Br\, Ur^Br/, Cte^Es, Gd, Gd, Gll^Fdw, Gd, Gll^Fdw, Gll^Fdw, Gd, Gd, Gs, Gs^Efm, Gll^Fp, Gs^Fms, Gll, Gll^Fp, Gs, Gll, Gs^Efm, Gg^Fet, Gg^Efm, Gs^Fds, Gs^Fds, Gs^Fds, 1 Gs^Fds, Gs^Efm, Gs^Fds, Gll, Gs^Fms, 2 Gs^Fds, Gs^Fds, Gs^Fds
Gs^Fds, Gs^Fds, Gs^Fds, Gs^Fds, Gs^Efm, Gs^Fds, Gs^Efm, Gll, Gd, Gd^Edb, Gll^Fdw, Gll^Fdw, Gll^Fdw, Gll^Fdw, Gll, Ur^Br\, Cer^Edb, Gd^Es, Gll^Fdw, Gll^Fdw, Gll^Es, Gll^Fdw, Gll^Fdw, Gll^Edb, Gd, Cer^Edb, Gll^Fdw, Gll^Edb, Gll^Fdw, Gll, Gs^Edb, Gs^Efm, Gs^Es, Gs, Gll^Fp, Gs^Efm, Gll^Fp, Gll^Em, Gll^Fp, Gll^Fp, Gll^Fp, Gll^Fp, Gs^Fds, Gg^Ve, Gg, Gs, Gg^Efm, Gs^Fds, Gs^Fms, Gs^Fds, Gs^Fms, Gg^Es, Gll^Fp, Gs^Fms, Gs^Fds, Gs^Efm, Gs^Fds
Gs^Fds, Gs^Fds, Gs^Fds, Gs^Fds, Gs^Fds, Gs^Fds, Gs, Gd^Es, Gll^Fp, Gd, Gd, Gll^Edb, Gll^Fdw, Gll^Fdw, Gd, Gd, Gll^Edb, Gd, Re^Vct, Gd^Edb, Cte^Edb, Cer^Ecf, Cer^Edb, Gd^Edb, Gd, Gd^Edb, Gll^Fdw, Gll, Gll^Es, Gd^Edb, Gs^Efm, Gd, Gs^Efm, Gs, Gll^Fp, Gs, Gll^Fp, Gll^Fp, Gs^Fms, Gll^Fp, Gll, Gg^Efm, Gs^Fds, Gg^Efm, Gs^Efm, Gs^Efm, Gs^Es, Gg^Efm, Gs^Fds, Gll^Fp, Gll, Gs^Efm, Gll^Fp, Gll^Fp, Gs^Fds, Gs^Fds, Gs^Fds
Gs^Fds, Gs^Fds, Gs^Fds, Gs^Fds, Gs^Fds, Gs^Fds, Gs^Fds, Gs^Efm, Gll^Fp, Gd^Es, Gll^Fp, Gll^Fdw, Gll^Em, Gll^Fdw, Gll^Fdw, Gll^Es, Gd, Gll^Edb, Gs^Edb, Gd, Gd, Gd^Edb, Gd, Gll^Edb, Gd, Gll^Fdw, Gd, Gll^Fdw, Gs, Gs, Gs^Fds, Gs^Efm, Gd, Gll^Fp, Gll^Em, Gll^Fp, Gs^Fms, Gs^Fds, Gs^Fds, Gs^Fds, Gs^Fms, Gll^Fp, Gs^Fds, Gs^Fds, Gs^Fds, Gs, Gll^Fp, Gll^Em, Gll^Fp, Gs^Fds, Gll^Fp, Gll^Fp, Gll^Fp, Gs^Fds, Gs^Fds, Gs^Fds, Gs^Fds
Gs^Fds, Gs^Fds, Gs^Fds, Gs^Fds, Gs^Fds, Gs^Fds, Gs^Fds, Gll^Fp, Gll^Fp, Gll^Fp, Gll^Fp, Gll^Fp, Gll, Gd, Gg, Gs, Gg^Efm, Gs^Efm, Gs^Fds, Gs^Fds, Gd, Gs^Efm, Gd, Gd^Edb, Gg, Gll^Edb, Gd, Gs, Gs, Gs^Fds, Gs^Fds, Gs^Fds, Gs, Gs^Efm, Gll^Fp, Gll^Fp, Gs^Fds, Gs^Fds, Gs^Fds, Gs^Fms, Gs^Fds, Gll^Fp, Gll^Fp, Gs, Gs, Gll, Gll^Fp, Gll^Fp, Gll^Fp, Gll^Fp, Gll^Fp, Gs^Fms, Gs^Fms, Gll^Fp, Gll^Fp, Gll^Fp, Gll^Fp
